// Jest Snapshot v1, https://goo.gl/fbAQLP

exports[`matches snapshot 1`] = `
<a
  className="sc-gKXOVf cBwxmB"
  data-testid="list-Home"
  href="/"
  onClick={[Function]}
>
  Home
</a>
`;
