// Jest Snapshot v1, https://goo.gl/fbAQLP

exports[`matches product hero snapshot 1`] = `
<div
  className="sc-bczRLJ VOALK"
>
  <h1
    className="sc-dkzDqf jjKiLw"
    data-testid="title"
  >
    Speaker
  </h1>
</div>
`;
