// Jest Snapshot v1, https://goo.gl/fbAQLP

exports[`matches snapshot 1`] = `
<div
  className="sc-bczRLJ uHPfx"
>
  <div
    className="sc-gsnTZi ivPMSB"
    data-testid="descriptionimage"
  >
    <img
      alt="photo"
      className="sc-jSMfEi iWRonm"
      src="speakerzx.png"
    />
    <div
      className="sc-dkzDqf hrzfoW"
    >
      <h1
        className="sc-hKMtZM ctHyQo"
        data-testid="desctitle"
      >
        ZX9 SPEAKER
      </h1>
      <p
        className="sc-eCYdqJ bQVPiA"
        data-testid="descsubtitle"
      >
        Upgrade to premium speakers that are phenomenally built to deliver truly remarkable sound.
      </p>
      <a
        className="sc-gKXOVf hXhkdj"
        href="/zx9"
        onClick={[Function]}
      >
        SEE PRODUCT
      </a>
    </div>
  </div>
</div>
`;
