// Jest Snapshot v1, https://goo.gl/fbAQLP

exports[`matches snapshot 1`] = `
<section
  className="sc-bczRLJ ipeuwb"
  data-testid="gear"
>
  <div
    className="sc-gsnTZi qkPPL"
  >
    <div
      className="sc-hKMtZM hXoByT"
    >
      <h2
        className="sc-eCYdqJ jCwkCF"
      >
        Bringing you the 
        <span>
          best
        </span>
         audio gear
      </h2>
      <p
        className="sc-jSMfEi"
      >
        Located at the heart of New York City, Audiophile is the premier store for high end headphones, earphones, speakers, and audio accessories. We have a large showroom and luxury demonstration rooms available for you to browse and experience a wide range of our products. Stop by our store to meet some of the fantastic people who make Audiophile the best place to buy your portable audio equipment.
      </p>
    </div>
  </div>
  <div
    className="sc-dkzDqf eaVlON"
  />
</section>
`;
